// Jest Snapshot v1, https://goo.gl/fbAQLP

exports[`Counter snapshot renders 1`] = `
<div
  className="MuiPaper-root MuiCard-root makeStyles-card-1 MuiPaper-elevation1 MuiPaper-rounded"
>
  <div
    className="MuiCardHeader-root makeStyles-cardHeader-3"
  >
    <div
      className="MuiCardHeader-content"
    >
      <span
        className="MuiTypography-root MuiCardHeader-title MuiTypography-h5 MuiTypography-displayBlock"
      >
        Wallet
      </span>
    </div>
  </div>
  <div
    alt="wallet.png"
    className="MuiCardMedia-root makeStyles-media-2"
    style={
      Object {
        "backgroundImage": "url(\\"wallet.png\\")",
      }
    }
    title="wallet.png"
  />
  <div
    className="MuiCardContent-root"
  >
    <p
      className="MuiTypography-root MuiTypography-body2 MuiTypography-colorTextSecondary"
    >
      It is Woodland wallet
    </p>
  </div>
  <div
    className="MuiCardActions-root makeStyles-actionItems-6 MuiCardActions-spacing"
  >
    <span
      className="MuiTypography-root makeStyles-price-4 MuiTypography-body1"
    >
      â‚¹
      299
    </span>
    <button
      className="MuiButtonBase-root MuiButton-root MuiButton-outlined makeStyles-addBtn-5"
      disabled={false}
      onBlur={[Function]}
      onClick={[Function]}
      onDragLeave={[Function]}
      onFocus={[Function]}
      onKeyDown={[Function]}
      onKeyUp={[Function]}
      onMouseDown={[Function]}
      onMouseLeave={[Function]}
      onMouseUp={[Function]}
      onTouchEnd={[Function]}
      onTouchMove={[Function]}
      onTouchStart={[Function]}
      tabIndex={0}
      type="button"
    >
      <span
        className="MuiButton-label"
      >
        Add to Cart
      </span>
    </button>
  </div>
</div>
`;
